tsconfig.json(12,27): error TS5103: Invalid value for '--ignoreDeprecations'.
